
crate mesh_agent_core
├── mod alerts: pub
│   └── mod evaluator: pub(self)
├── mod config: pub
├── mod connection: pub
├── mod discovery: pub
│   ├── mod containers: pub
│   ├── mod db_engines: pub
│   ├── mod packages: pub
│   ├── mod ports: pub
│   └── mod services: pub
├── mod error: pub
├── mod file_ops: pub
├── mod identity: pub
├── mod ml: pub
│   ├── mod backfill: pub
│   ├── mod ensemble: pub
│   ├── mod kmeans: pub
│   ├── mod log_rate: pub
│   ├── mod redact: pub
│   ├── mod sampler: pub
│   ├── mod store_sink: pub
│   └── mod window: pub
├── mod platform: pub
├── mod session: pub
│   ├── mod handler: pub(self)
│   ├── mod handlers: pub
│   │   ├── mod file: pub
│   │   ├── mod keyboard: pub
│   │   ├── mod mouse: pub
│   │   ├── mod switch: pub
│   │   ├── mod terminal_control: pub
│   │   └── mod webrtc: pub
│   ├── mod relay: pub(crate)
│   └── mod terminal_handle: pub(crate)
├── mod session_error: pub
├── mod terminal: pub
├── mod update: pub
└── mod webrtc: pub
